Script started on 2022-03-01 08:11:42+00:00 [TERM="screen" TTY="/dev/pts/2" COLUMNS="100" LINES="36"]
root@srv1:/home/ahsp/github/Session3# exitdd if=/dev/zero of=/bigfile.txt bs=10000000 count=130[C[C[C[C[C[C[C[C[C[C[C[C[C[C[C[C[C[C[C[C[C[C[C[C[C[C[C[C[C[C[C[C[C[C[C[C[C[Cexit[K[Kfree -h
              total        used        free      shared  buff/cache   available
Mem:          1.9Gi       169Mi       329Mi       1.0Mi       1.4Gi       1.6Gi
Swap:         2.0Gi       1.0Mi       2.0Gi
root@srv1:/home/ahsp/github/Session3# free -h[3Pexitdd if=/dev/zero of=/bigfile.txt bs=10000000 count=1300[1P00[C[C0
1000+0 records in
1000+0 records out
10000000000 bytes (10 GB, 9.3 GiB) copied, 32.409 s, 309 MB/s
root@srv1:/home/ahsp/github/Session3# frr[Kee -h
              total        used        free      shared  buff/cache   available
Mem:          1.9Gi       168Mi        85Mi       1.0Mi       1.7Gi       1.6Gi
Swap:         2.0Gi       3.0Mi       2.0Gi
root@srv1:/home/ahsp/github/Session3# exit
exit

Script done on 2022-03-01 08:13:21+00:00 [COMMAND_EXIT_CODE="0"]
